20:34:04 **** Incremental Build of configuration Debug for project EX7_EX8 ****
make -j16 all 
arm-none-eabi-gcc "../Core/Src/display7SEG.c" -mcpu=cortex-m3 -std=gnu11 -g3 -DDEBUG -DUSE_HAL_DRIVER -DSTM32F103x6 -c -I../Core/Inc -I../Drivers/STM32F1xx_HAL_Driver/Inc -I../Drivers/STM32F1xx_HAL_Driver/Inc/Legacy -I../Drivers/CMSIS/Device/ST/STM32F1xx/Include -I../Drivers/CMSIS/Include -O0 -ffunction-sections -fdata-sections -Wall -fstack-usage -MMD -MP -MF"Core/Src/display7SEG.d" -MT"Core/Src/display7SEG.o" --specs=nano.specs -mfloat-abi=soft -mthumb -o "Core/Src/display7SEG.o"
arm-none-eabi-gcc -o "EX7_EX8.elf" @"objects.list"   -mcpu=cortex-m3 -T"W:\LAB2_VXL\EX7_EX8\STM32F103C6UX_FLASH.ld" --specs=nosys.specs -Wl,-Map="EX7_EX8.map" -Wl,--gc-sections -static --specs=nano.specs -mfloat-abi=soft -mthumb -Wl,--start-group -lc -lm -Wl,--end-group
Finished building target: EX7_EX8.elf
 
arm-none-eabi-size   EX7_EX8.elf 
arm-none-eabi-objdump -h -S  EX7_EX8.elf  > "EX7_EX8.list"
arm-none-eabi-objcopy  -O binary  EX7_EX8.elf  "EX7_EX8.bin"
   text	   data	    bss	    dec	    hex	filename
   8664	     52	   1668	  10384	   2890	EX7_EX8.elf
Finished building: default.size.stdout
 
Finished building: EX7_EX8.bin
 
Finished building: EX7_EX8.list
 
